45 25
                                 II  II      
XX                                IIII       
XX   XX      W                      I        
            WWW                     II       
 I           W                     II        
 I    XXXXX               :                  
      XLLLX            ::::                  
      XLLLX             ::                   
      XXXXX                                  
                                    ::       
                        XX           :::     
                      XXXXX          ::      
            W         XX                     
           WWW                               
            W                                
                            W                
                           WWW               
                  W         W                
      XXXX       WWW                         
   XXXXXXX        W                          
  XXXIIIXX                              XXXXX
 XXIIIIIXXX                             XLLLL
 XXXXXIIIXX                             XLLLL
    XXXXXX                              XXLLL
       XX                                 XXL
